// Jest Snapshot v1, https://goo.gl/fbAQLP

exports[`Snapshot Landing Page 1`] = `<t />`;
